Warning: Design 'des3' has '1' unresolved references. For more detailed information, use the "link" command. (UID-341)
 
****************************************
check_design summary:
Version:     V-2023.12-SP2
Date:        Tue Jun 17 00:34:13 2025
****************************************

                   Name                                            Total
--------------------------------------------------------------------------------
Tristate                                                           80
    A tristate bus has a non tri-state driver (LINT-34)            80
--------------------------------------------------------------------------------

Warning: In design 'des3', three-state bus 'K_sub[48]' has non three-state driver 'u1/C4882/Z_0'. (LINT-34)
Warning: In design 'des3', three-state bus 'K_sub[47]' has non three-state driver 'u1/C4882/Z_1'. (LINT-34)
Warning: In design 'des3', three-state bus 'K_sub[46]' has non three-state driver 'u1/C4882/Z_2'. (LINT-34)
Warning: In design 'des3', three-state bus 'K_sub[45]' has non three-state driver 'u1/C4882/Z_3'. (LINT-34)
Warning: In design 'des3', three-state bus 'K_sub[44]' has non three-state driver 'u1/C4882/Z_4'. (LINT-34)
Warning: In design 'des3', three-state bus 'K_sub[43]' has non three-state driver 'u1/C4882/Z_5'. (LINT-34)
Warning: In design 'des3', three-state bus 'K_sub[42]' has non three-state driver 'u1/C4882/Z_6'. (LINT-34)
Warning: In design 'des3', three-state bus 'K_sub[41]' has non three-state driver 'u1/C4882/Z_7'. (LINT-34)
Warning: In design 'des3', three-state bus 'K_sub[40]' has non three-state driver 'u1/C4882/Z_8'. (LINT-34)
Warning: In design 'des3', three-state bus 'K_sub[39]' has non three-state driver 'u1/C4882/Z_9'. (LINT-34)
Warning: In design 'des3', three-state bus 'K_sub[38]' has non three-state driver 'u1/C4882/Z_10'. (LINT-34)
Warning: In design 'des3', three-state bus 'K_sub[37]' has non three-state driver 'u1/C4882/Z_11'. (LINT-34)
Warning: In design 'des3', three-state bus 'K_sub[36]' has non three-state driver 'u1/C4882/Z_12'. (LINT-34)
Warning: In design 'des3', three-state bus 'K_sub[35]' has non three-state driver 'u1/C4882/Z_13'. (LINT-34)
Warning: In design 'des3', three-state bus 'K_sub[34]' has non three-state driver 'u1/C4882/Z_14'. (LINT-34)
Warning: In design 'des3', three-state bus 'K_sub[33]' has non three-state driver 'u1/C4882/Z_15'. (LINT-34)
Warning: In design 'des3', three-state bus 'K_sub[32]' has non three-state driver 'u1/C4882/Z_16'. (LINT-34)
Warning: In design 'des3', three-state bus 'K_sub[31]' has non three-state driver 'u1/C4882/Z_17'. (LINT-34)
Warning: In design 'des3', three-state bus 'K_sub[30]' has non three-state driver 'u1/C4882/Z_18'. (LINT-34)
Warning: In design 'des3', three-state bus 'K_sub[29]' has non three-state driver 'u1/C4882/Z_19'. (LINT-34)
Warning: In design 'des3', three-state bus 'K_sub[28]' has non three-state driver 'u1/C4882/Z_20'. (LINT-34)
Warning: In design 'des3', three-state bus 'K_sub[27]' has non three-state driver 'u1/C4882/Z_21'. (LINT-34)
Warning: In design 'des3', three-state bus 'K_sub[26]' has non three-state driver 'u1/C4882/Z_22'. (LINT-34)
Warning: In design 'des3', three-state bus 'K_sub[25]' has non three-state driver 'u1/C4882/Z_23'. (LINT-34)
Warning: In design 'des3', three-state bus 'K_sub[24]' has non three-state driver 'u1/C4882/Z_24'. (LINT-34)
Warning: In design 'des3', three-state bus 'K_sub[23]' has non three-state driver 'u1/C4882/Z_25'. (LINT-34)
Warning: In design 'des3', three-state bus 'K_sub[22]' has non three-state driver 'u1/C4882/Z_26'. (LINT-34)
Warning: In design 'des3', three-state bus 'K_sub[21]' has non three-state driver 'u1/C4882/Z_27'. (LINT-34)
Warning: In design 'des3', three-state bus 'K_sub[20]' has non three-state driver 'u1/C4882/Z_28'. (LINT-34)
Warning: In design 'des3', three-state bus 'K_sub[19]' has non three-state driver 'u1/C4882/Z_29'. (LINT-34)
Warning: In design 'des3', three-state bus 'K_sub[18]' has non three-state driver 'u1/C4882/Z_30'. (LINT-34)
Warning: In design 'des3', three-state bus 'K_sub[17]' has non three-state driver 'u1/C4882/Z_31'. (LINT-34)
Warning: In design 'des3', three-state bus 'K_sub[16]' has non three-state driver 'u1/C4882/Z_32'. (LINT-34)
Warning: In design 'des3', three-state bus 'K_sub[15]' has non three-state driver 'u1/C4882/Z_33'. (LINT-34)
Warning: In design 'des3', three-state bus 'K_sub[14]' has non three-state driver 'u1/C4882/Z_34'. (LINT-34)
Warning: In design 'des3', three-state bus 'K_sub[13]' has non three-state driver 'u1/C4882/Z_35'. (LINT-34)
Warning: In design 'des3', three-state bus 'K_sub[12]' has non three-state driver 'u1/C4882/Z_36'. (LINT-34)
Warning: In design 'des3', three-state bus 'K_sub[11]' has non three-state driver 'u1/C4882/Z_37'. (LINT-34)
Warning: In design 'des3', three-state bus 'K_sub[10]' has non three-state driver 'u1/C4882/Z_38'. (LINT-34)
Warning: In design 'des3', three-state bus 'K_sub[9]' has non three-state driver 'u1/C4882/Z_39'. (LINT-34)
Warning: In design 'des3', three-state bus 'K_sub[8]' has non three-state driver 'u1/C4882/Z_40'. (LINT-34)
Warning: In design 'des3', three-state bus 'K_sub[7]' has non three-state driver 'u1/C4882/Z_41'. (LINT-34)
Warning: In design 'des3', three-state bus 'K_sub[6]' has non three-state driver 'u1/C4882/Z_42'. (LINT-34)
Warning: In design 'des3', three-state bus 'K_sub[5]' has non three-state driver 'u1/C4882/Z_43'. (LINT-34)
Warning: In design 'des3', three-state bus 'K_sub[4]' has non three-state driver 'u1/C4882/Z_44'. (LINT-34)
Warning: In design 'des3', three-state bus 'K_sub[3]' has non three-state driver 'u1/C4882/Z_45'. (LINT-34)
Warning: In design 'des3', three-state bus 'K_sub[2]' has non three-state driver 'u1/C4882/Z_46'. (LINT-34)
Warning: In design 'des3', three-state bus 'K_sub[1]' has non three-state driver 'u1/C4882/Z_47'. (LINT-34)
Warning: In design 'des3', three-state bus 'desOut[1]' has non three-state driver 'C161/Z_7'. (LINT-34)
Warning: In design 'des3', three-state bus 'desOut[3]' has non three-state driver 'C161/Z_15'. (LINT-34)
Warning: In design 'des3', three-state bus 'desOut[5]' has non three-state driver 'C161/Z_23'. (LINT-34)
Warning: In design 'des3', three-state bus 'desOut[7]' has non three-state driver 'C161/Z_31'. (LINT-34)
Warning: In design 'des3', three-state bus 'desOut[9]' has non three-state driver 'C161/Z_6'. (LINT-34)
Warning: In design 'des3', three-state bus 'desOut[11]' has non three-state driver 'C161/Z_14'. (LINT-34)
Warning: In design 'des3', three-state bus 'desOut[13]' has non three-state driver 'C161/Z_22'. (LINT-34)
Warning: In design 'des3', three-state bus 'desOut[15]' has non three-state driver 'C161/Z_30'. (LINT-34)
Warning: In design 'des3', three-state bus 'desOut[17]' has non three-state driver 'C161/Z_5'. (LINT-34)
Warning: In design 'des3', three-state bus 'desOut[19]' has non three-state driver 'C161/Z_13'. (LINT-34)
Warning: In design 'des3', three-state bus 'desOut[21]' has non three-state driver 'C161/Z_21'. (LINT-34)
Warning: In design 'des3', three-state bus 'desOut[23]' has non three-state driver 'C161/Z_29'. (LINT-34)
Warning: In design 'des3', three-state bus 'desOut[25]' has non three-state driver 'C161/Z_4'. (LINT-34)
Warning: In design 'des3', three-state bus 'desOut[27]' has non three-state driver 'C161/Z_12'. (LINT-34)
Warning: In design 'des3', three-state bus 'desOut[29]' has non three-state driver 'C161/Z_20'. (LINT-34)
Warning: In design 'des3', three-state bus 'desOut[31]' has non three-state driver 'C161/Z_28'. (LINT-34)
Warning: In design 'des3', three-state bus 'desOut[33]' has non three-state driver 'C161/Z_3'. (LINT-34)
Warning: In design 'des3', three-state bus 'desOut[35]' has non three-state driver 'C161/Z_11'. (LINT-34)
Warning: In design 'des3', three-state bus 'desOut[37]' has non three-state driver 'C161/Z_19'. (LINT-34)
Warning: In design 'des3', three-state bus 'desOut[39]' has non three-state driver 'C161/Z_27'. (LINT-34)
Warning: In design 'des3', three-state bus 'desOut[41]' has non three-state driver 'C161/Z_2'. (LINT-34)
Warning: In design 'des3', three-state bus 'desOut[43]' has non three-state driver 'C161/Z_10'. (LINT-34)
Warning: In design 'des3', three-state bus 'desOut[45]' has non three-state driver 'C161/Z_18'. (LINT-34)
Warning: In design 'des3', three-state bus 'desOut[47]' has non three-state driver 'C161/Z_26'. (LINT-34)
Warning: In design 'des3', three-state bus 'desOut[49]' has non three-state driver 'C161/Z_1'. (LINT-34)
Warning: In design 'des3', three-state bus 'desOut[51]' has non three-state driver 'C161/Z_9'. (LINT-34)
Warning: In design 'des3', three-state bus 'desOut[53]' has non three-state driver 'C161/Z_17'. (LINT-34)
Warning: In design 'des3', three-state bus 'desOut[55]' has non three-state driver 'C161/Z_25'. (LINT-34)
Warning: In design 'des3', three-state bus 'desOut[57]' has non three-state driver 'C161/Z_0'. (LINT-34)
Warning: In design 'des3', three-state bus 'desOut[59]' has non three-state driver 'C161/Z_8'. (LINT-34)
Warning: In design 'des3', three-state bus 'desOut[61]' has non three-state driver 'C161/Z_16'. (LINT-34)
Warning: In design 'des3', three-state bus 'desOut[63]' has non three-state driver 'C161/Z_24'. (LINT-34)
1
