Warning: Design 'des3' has '1' unresolved references. For more detailed information, use the "link" command. (UID-341)
Information: Updating graph... (UID-83)
Information: Updating design information... (UID-85)

Information: Checking generated_clocks...

Information: Checking loops...

Information: Checking no_input_delay...
Warning: The following input ports have no clock_relative delay specified, the command set_input_delay without -clock option will be ignored. (TIM-216)
--------------------
desIn[63]
desIn[62]
desIn[61]
desIn[60]
desIn[59]
desIn[58]
desIn[57]
desIn[56]
desIn[55]
desIn[54]
desIn[53]
desIn[52]
desIn[51]
desIn[50]
desIn[49]
desIn[48]
desIn[47]
desIn[46]
desIn[45]
desIn[44]
desIn[43]
desIn[42]
desIn[41]
desIn[40]
desIn[39]
desIn[38]
desIn[37]
desIn[36]
desIn[35]
desIn[34]
desIn[33]
desIn[32]
desIn[31]
desIn[30]
desIn[29]
desIn[28]
desIn[27]
desIn[26]
desIn[25]
desIn[24]
desIn[23]
desIn[22]
desIn[21]
desIn[20]
desIn[19]
desIn[18]
desIn[17]
desIn[16]
desIn[15]
desIn[14]
desIn[13]
desIn[12]
desIn[11]
desIn[10]
desIn[9]
desIn[8]
desIn[7]
desIn[6]
desIn[5]
desIn[4]
desIn[3]
desIn[2]
desIn[1]
desIn[0]
roundSel[5]
roundSel[4]
roundSel[3]
roundSel[2]
roundSel[1]
roundSel[0]

Information: Checking unconstrained_endpoints...

Warning: The following end-points are not constrained for maximum delay.

End point
---------------
desOut[0]
desOut[1]
desOut[2]
desOut[3]
desOut[4]
desOut[5]
desOut[6]
desOut[7]
desOut[8]
desOut[9]
desOut[10]
desOut[11]
desOut[12]
desOut[13]
desOut[14]
desOut[15]
desOut[16]
desOut[17]
desOut[18]
desOut[19]
desOut[20]
desOut[21]
desOut[22]
desOut[23]
desOut[24]
desOut[25]
desOut[26]
desOut[27]
desOut[28]
desOut[29]
desOut[30]
desOut[31]
desOut[32]
desOut[33]
desOut[34]
desOut[35]
desOut[36]
desOut[37]
desOut[38]
desOut[39]
desOut[40]
desOut[41]
desOut[42]
desOut[43]
desOut[44]
desOut[45]
desOut[46]
desOut[47]
desOut[48]
desOut[49]
desOut[50]
desOut[51]
desOut[52]
desOut[53]
desOut[54]
desOut[55]
desOut[56]
desOut[57]
desOut[58]
desOut[59]
desOut[60]
desOut[61]
desOut[62]
desOut[63]

Information: Checking pulse_clock_cell_type...

Information: Checking no_driving_cell...

Information: Checking partial_input_delay...
1
