Warning: Design 'des3' has '1' unresolved references. For more detailed information, use the "link" command. (UID-341)
 
****************************************
Report : hierarchy
Design : des3
Version: V-2023.12-SP2
Date   : Tue Jun 17 00:34:42 2025
****************************************

Warning: 1 unresolved references are not included in this report. (RPT-2)

des3
    AOI21_X1                slow
    CLKBUF_X1               slow
    DFF_X2                  slow
    INV_X1                  slow
    NAND2_X1                slow
    NAND3_X2                slow
    NOR2_X1                 slow
    NOR3_X1                 slow
    NOR4_X1                 slow
    OAI211_X1               slow
    OR2_X1                  slow
    OR3_X2                  slow
    XOR2_X1                 slow
    des3_key_sel3_0
        AND2_X1             slow
        AOI21_X1            slow
        CLKBUF_X1           slow
        INV_X1              slow
        NAND2_X1            slow
        NOR2_X1             slow
        NOR3_X1             slow
        NOR4_X1             slow
        OAI21_X1            slow
        OAI211_X1           slow
        OR2_X1              slow
        XOR2_X1             slow
1
