Logical Libraries:
-------------------------------------------------------------------------
Library		File			Path
-------		----			----
M slow		slow.db			/home/yl996/proj/mcp-eda-example/libraries/FreePDK45/NangateOpenCellLibrary_PDKv1_3_v2010_12/db
m fast		fast.db			/home/yl996/proj/mcp-eda-example/libraries/FreePDK45/NangateOpenCellLibrary_PDKv1_3_v2010_12/db
M freepdk45_sram_1rw0r_1024x136_17_SS_0p95V_125C_lib freepdk45_sram_1rw0r_1024x136_17_SS_0p95V_125C.db /home/yl996/proj/mcp-eda-example/libraries/FreePDK45/OpenRAM/db
m freepdk45_sram_1rw0r_1024x136_17_FF_1p25V_0C_lib freepdk45_sram_1rw0r_1024x136_17_FF_1p25V_0C.db /home/yl996/proj/mcp-eda-example/libraries/FreePDK45/OpenRAM/db
M freepdk45_sram_1rw0r_128x44_SS_0p95V_125C_lib freepdk45_sram_1rw0r_128x44_SS_0p95V_125C.db /home/yl996/proj/mcp-eda-example/libraries/FreePDK45/OpenRAM/db
m freepdk45_sram_1rw0r_128x44_FF_1p25V_0C_lib freepdk45_sram_1rw0r_128x44_FF_1p25V_0C.db /home/yl996/proj/mcp-eda-example/libraries/FreePDK45/OpenRAM/db
M freepdk45_sram_1rw0r_20x64_SS_0p95V_125C_lib freepdk45_sram_1rw0r_20x64_SS_0p95V_125C.db /home/yl996/proj/mcp-eda-example/libraries/FreePDK45/OpenRAM/db
m freepdk45_sram_1rw0r_20x64_FF_1p25V_0C_lib freepdk45_sram_1rw0r_20x64_FF_1p25V_0C.db /home/yl996/proj/mcp-eda-example/libraries/FreePDK45/OpenRAM/db
M freepdk45_sram_1rw0r_22x64_SS_0p95V_125C_lib freepdk45_sram_1rw0r_22x64_SS_0p95V_125C.db /home/yl996/proj/mcp-eda-example/libraries/FreePDK45/OpenRAM/db
m freepdk45_sram_1rw0r_22x64_FF_1p25V_0C_lib freepdk45_sram_1rw0r_22x64_FF_1p25V_0C.db /home/yl996/proj/mcp-eda-example/libraries/FreePDK45/OpenRAM/db
M freepdk45_sram_1rw0r_256x64_SS_0p95V_125C_lib freepdk45_sram_1rw0r_256x64_SS_0p95V_125C.db /home/yl996/proj/mcp-eda-example/libraries/FreePDK45/OpenRAM/db
m freepdk45_sram_1rw0r_256x64_FF_1p25V_0C_lib freepdk45_sram_1rw0r_256x64_FF_1p25V_0C.db /home/yl996/proj/mcp-eda-example/libraries/FreePDK45/OpenRAM/db
M freepdk45_sram_1rw0r_45x512_SS_0p95V_125C_lib freepdk45_sram_1rw0r_45x512_SS_0p95V_125C.db /home/yl996/proj/mcp-eda-example/libraries/FreePDK45/OpenRAM/db
m freepdk45_sram_1rw0r_45x512_FF_1p25V_0C_lib freepdk45_sram_1rw0r_45x512_FF_1p25V_0C.db /home/yl996/proj/mcp-eda-example/libraries/FreePDK45/OpenRAM/db
M freepdk45_sram_1rw0r_512x45_SS_0p95V_125C_lib freepdk45_sram_1rw0r_512x45_SS_0p95V_125C.db /home/yl996/proj/mcp-eda-example/libraries/FreePDK45/OpenRAM/db
m freepdk45_sram_1rw0r_512x45_FF_1p25V_0C_lib freepdk45_sram_1rw0r_512x45_FF_1p25V_0C.db /home/yl996/proj/mcp-eda-example/libraries/FreePDK45/OpenRAM/db
M freepdk45_sram_1rw0r_512x64_SS_0p95V_125C_lib freepdk45_sram_1rw0r_512x64_SS_0p95V_125C.db /home/yl996/proj/mcp-eda-example/libraries/FreePDK45/OpenRAM/db
m freepdk45_sram_1rw0r_512x64_FF_1p25V_0C_lib freepdk45_sram_1rw0r_512x64_FF_1p25V_0C.db /home/yl996/proj/mcp-eda-example/libraries/FreePDK45/OpenRAM/db
M freepdk45_sram_1rw0r_64x160_20_SS_0p95V_125C_lib freepdk45_sram_1rw0r_64x160_20_SS_0p95V_125C.db /home/yl996/proj/mcp-eda-example/libraries/FreePDK45/OpenRAM/db
m freepdk45_sram_1rw0r_64x160_20_FF_1p25V_0C_lib freepdk45_sram_1rw0r_64x160_20_FF_1p25V_0C.db /home/yl996/proj/mcp-eda-example/libraries/FreePDK45/OpenRAM/db
M freepdk45_sram_1rw0r_64x176_22_SS_0p95V_125C_lib freepdk45_sram_1rw0r_64x176_22_SS_0p95V_125C.db /home/yl996/proj/mcp-eda-example/libraries/FreePDK45/OpenRAM/db
m freepdk45_sram_1rw0r_64x176_22_FF_1p25V_0C_lib freepdk45_sram_1rw0r_64x176_22_FF_1p25V_0C.db /home/yl996/proj/mcp-eda-example/libraries/FreePDK45/OpenRAM/db
M freepdk45_sram_1rw0r_64x20_64_SS_0p95V_125C_lib freepdk45_sram_1rw0r_64x20_64_SS_0p95V_125C.db /home/yl996/proj/mcp-eda-example/libraries/FreePDK45/OpenRAM/db
m freepdk45_sram_1rw0r_64x20_64_FF_1p25V_0C_lib freepdk45_sram_1rw0r_64x20_64_FF_1p25V_0C.db /home/yl996/proj/mcp-eda-example/libraries/FreePDK45/OpenRAM/db
M freepdk45_sram_1rw0r_64x40_20_SS_0p95V_125C_lib freepdk45_sram_1rw0r_64x40_20_SS_0p95V_125C.db /home/yl996/proj/mcp-eda-example/libraries/FreePDK45/OpenRAM/db
m freepdk45_sram_1rw0r_64x40_20_FF_1p25V_0C_lib freepdk45_sram_1rw0r_64x40_20_FF_1p25V_0C.db /home/yl996/proj/mcp-eda-example/libraries/FreePDK45/OpenRAM/db
M freepdk45_sram_1rw0r_64x44_22_SS_0p95V_125C_lib freepdk45_sram_1rw0r_64x44_22_SS_0p95V_125C.db /home/yl996/proj/mcp-eda-example/libraries/FreePDK45/OpenRAM/db
m freepdk45_sram_1rw0r_64x44_22_FF_1p25V_0C_lib freepdk45_sram_1rw0r_64x44_22_FF_1p25V_0C.db /home/yl996/proj/mcp-eda-example/libraries/FreePDK45/OpenRAM/db
M freepdk45_sram_1rw0r_64x512_SS_0p95V_125C_lib freepdk45_sram_1rw0r_64x512_SS_0p95V_125C.db /home/yl996/proj/mcp-eda-example/libraries/FreePDK45/OpenRAM/db
m freepdk45_sram_1rw0r_64x512_FF_1p25V_0C_lib freepdk45_sram_1rw0r_64x512_FF_1p25V_0C.db /home/yl996/proj/mcp-eda-example/libraries/FreePDK45/OpenRAM/db
M freepdk45_sram_1rw0r_64x80_20_SS_0p95V_125C_lib freepdk45_sram_1rw0r_64x80_20_SS_0p95V_125C.db /home/yl996/proj/mcp-eda-example/libraries/FreePDK45/OpenRAM/db
m freepdk45_sram_1rw0r_64x80_20_FF_1p25V_0C_lib freepdk45_sram_1rw0r_64x80_20_FF_1p25V_0C.db /home/yl996/proj/mcp-eda-example/libraries/FreePDK45/OpenRAM/db
M freepdk45_sram_1rw0r_64x88_22_SS_0p95V_125C_lib freepdk45_sram_1rw0r_64x88_22_SS_0p95V_125C.db /home/yl996/proj/mcp-eda-example/libraries/FreePDK45/OpenRAM/db
m freepdk45_sram_1rw0r_64x88_22_FF_1p25V_0C_lib freepdk45_sram_1rw0r_64x88_22_FF_1p25V_0C.db /home/yl996/proj/mcp-eda-example/libraries/FreePDK45/OpenRAM/db
M freepdk45_sram_1w1r_120x16_SS_0p95V_125C_lib freepdk45_sram_1w1r_120x16_SS_0p95V_125C.db /home/yl996/proj/mcp-eda-example/libraries/FreePDK45/OpenRAM/db
m freepdk45_sram_1w1r_120x16_FF_1p25V_0C_lib freepdk45_sram_1w1r_120x16_FF_1p25V_0C.db /home/yl996/proj/mcp-eda-example/libraries/FreePDK45/OpenRAM/db
M freepdk45_sram_1w1r_128x120_30_SS_0p95V_125C_lib freepdk45_sram_1w1r_128x120_30_SS_0p95V_125C.db /home/yl996/proj/mcp-eda-example/libraries/FreePDK45/OpenRAM/db
m freepdk45_sram_1w1r_128x120_30_FF_1p25V_0C_lib freepdk45_sram_1w1r_128x120_30_FF_1p25V_0C.db /home/yl996/proj/mcp-eda-example/libraries/FreePDK45/OpenRAM/db
M freepdk45_sram_1w1r_128x124_31_SS_0p95V_125C_lib freepdk45_sram_1w1r_128x124_31_SS_0p95V_125C.db /home/yl996/proj/mcp-eda-example/libraries/FreePDK45/OpenRAM/db
m freepdk45_sram_1w1r_128x124_31_FF_1p25V_0C_lib freepdk45_sram_1w1r_128x124_31_FF_1p25V_0C.db /home/yl996/proj/mcp-eda-example/libraries/FreePDK45/OpenRAM/db
M freepdk45_sram_1w1r_128x32_32_SS_0p95V_125C_lib freepdk45_sram_1w1r_128x32_32_SS_0p95V_125C.db /home/yl996/proj/mcp-eda-example/libraries/FreePDK45/OpenRAM/db
m freepdk45_sram_1w1r_128x32_32_FF_1p25V_0C_lib freepdk45_sram_1w1r_128x32_32_FF_1p25V_0C.db /home/yl996/proj/mcp-eda-example/libraries/FreePDK45/OpenRAM/db
M freepdk45_sram_1w1r_128x40_SS_0p95V_125C_lib freepdk45_sram_1w1r_128x40_SS_0p95V_125C.db /home/yl996/proj/mcp-eda-example/libraries/FreePDK45/OpenRAM/db
m freepdk45_sram_1w1r_128x40_FF_1p25V_0C_lib freepdk45_sram_1w1r_128x40_FF_1p25V_0C.db /home/yl996/proj/mcp-eda-example/libraries/FreePDK45/OpenRAM/db
M freepdk45_sram_1w1r_128x44_11_SS_0p95V_125C_lib freepdk45_sram_1w1r_128x44_11_SS_0p95V_125C.db /home/yl996/proj/mcp-eda-example/libraries/FreePDK45/OpenRAM/db
m freepdk45_sram_1w1r_128x44_11_FF_1p25V_0C_lib freepdk45_sram_1w1r_128x44_11_FF_1p25V_0C.db /home/yl996/proj/mcp-eda-example/libraries/FreePDK45/OpenRAM/db
M freepdk45_sram_1w1r_128x4_1_SS_0p95V_125C_lib freepdk45_sram_1w1r_128x4_1_SS_0p95V_125C.db /home/yl996/proj/mcp-eda-example/libraries/FreePDK45/OpenRAM/db
m freepdk45_sram_1w1r_128x4_1_FF_1p25V_0C_lib freepdk45_sram_1w1r_128x4_1_FF_1p25V_0C.db /home/yl996/proj/mcp-eda-example/libraries/FreePDK45/OpenRAM/db
M freepdk45_sram_1w1r_128x52_13_SS_0p95V_125C_lib freepdk45_sram_1w1r_128x52_13_SS_0p95V_125C.db /home/yl996/proj/mcp-eda-example/libraries/FreePDK45/OpenRAM/db
m freepdk45_sram_1w1r_128x52_13_FF_1p25V_0C_lib freepdk45_sram_1w1r_128x52_13_FF_1p25V_0C.db /home/yl996/proj/mcp-eda-example/libraries/FreePDK45/OpenRAM/db
M freepdk45_sram_1w1r_128x56_14_SS_0p95V_125C_lib freepdk45_sram_1w1r_128x56_14_SS_0p95V_125C.db /home/yl996/proj/mcp-eda-example/libraries/FreePDK45/OpenRAM/db
m freepdk45_sram_1w1r_128x56_14_FF_1p25V_0C_lib freepdk45_sram_1w1r_128x56_14_FF_1p25V_0C.db /home/yl996/proj/mcp-eda-example/libraries/FreePDK45/OpenRAM/db
M freepdk45_sram_1w1r_16x120_SS_0p95V_125C_lib freepdk45_sram_1w1r_16x120_SS_0p95V_125C.db /home/yl996/proj/mcp-eda-example/libraries/FreePDK45/OpenRAM/db
m freepdk45_sram_1w1r_16x120_FF_1p25V_0C_lib freepdk45_sram_1w1r_16x120_FF_1p25V_0C.db /home/yl996/proj/mcp-eda-example/libraries/FreePDK45/OpenRAM/db
M freepdk45_sram_1w1r_16x32_32_SS_0p95V_125C_lib freepdk45_sram_1w1r_16x32_32_SS_0p95V_125C.db /home/yl996/proj/mcp-eda-example/libraries/FreePDK45/OpenRAM/db
m freepdk45_sram_1w1r_16x32_32_FF_1p25V_0C_lib freepdk45_sram_1w1r_16x32_32_FF_1p25V_0C.db /home/yl996/proj/mcp-eda-example/libraries/FreePDK45/OpenRAM/db
M freepdk45_sram_1w1r_16x72_SS_0p95V_125C_lib freepdk45_sram_1w1r_16x72_SS_0p95V_125C.db /home/yl996/proj/mcp-eda-example/libraries/FreePDK45/OpenRAM/db
m freepdk45_sram_1w1r_16x72_FF_1p25V_0C_lib freepdk45_sram_1w1r_16x72_FF_1p25V_0C.db /home/yl996/proj/mcp-eda-example/libraries/FreePDK45/OpenRAM/db
M freepdk45_sram_1w1r_2048x8_2_SS_0p95V_125C_lib freepdk45_sram_1w1r_2048x8_2_SS_0p95V_125C.db /home/yl996/proj/mcp-eda-example/libraries/FreePDK45/OpenRAM/db
m freepdk45_sram_1w1r_2048x8_2_FF_1p25V_0C_lib freepdk45_sram_1w1r_2048x8_2_FF_1p25V_0C.db /home/yl996/proj/mcp-eda-example/libraries/FreePDK45/OpenRAM/db
M freepdk45_sram_1w1r_256x128_64_SS_0p95V_125C_lib freepdk45_sram_1w1r_256x128_64_SS_0p95V_125C.db /home/yl996/proj/mcp-eda-example/libraries/FreePDK45/OpenRAM/db
m freepdk45_sram_1w1r_256x128_64_FF_1p25V_0C_lib freepdk45_sram_1w1r_256x128_64_FF_1p25V_0C.db /home/yl996/proj/mcp-eda-example/libraries/FreePDK45/OpenRAM/db
M freepdk45_sram_1w1r_256x48_12_SS_0p95V_125C_lib freepdk45_sram_1w1r_256x48_12_SS_0p95V_125C.db /home/yl996/proj/mcp-eda-example/libraries/FreePDK45/OpenRAM/db
m freepdk45_sram_1w1r_256x48_12_FF_1p25V_0C_lib freepdk45_sram_1w1r_256x48_12_FF_1p25V_0C.db /home/yl996/proj/mcp-eda-example/libraries/FreePDK45/OpenRAM/db
M freepdk45_sram_1w1r_256x4_1_SS_0p95V_125C_lib freepdk45_sram_1w1r_256x4_1_SS_0p95V_125C.db /home/yl996/proj/mcp-eda-example/libraries/FreePDK45/OpenRAM/db
m freepdk45_sram_1w1r_256x4_1_FF_1p25V_0C_lib freepdk45_sram_1w1r_256x4_1_FF_1p25V_0C.db /home/yl996/proj/mcp-eda-example/libraries/FreePDK45/OpenRAM/db
M freepdk45_sram_1w1r_27x96_32_SS_0p95V_125C_lib freepdk45_sram_1w1r_27x96_32_SS_0p95V_125C.db /home/yl996/proj/mcp-eda-example/libraries/FreePDK45/OpenRAM/db
m freepdk45_sram_1w1r_27x96_32_FF_1p25V_0C_lib freepdk45_sram_1w1r_27x96_32_FF_1p25V_0C.db /home/yl996/proj/mcp-eda-example/libraries/FreePDK45/OpenRAM/db
M freepdk45_sram_1w1r_28x128_32_SS_0p95V_125C_lib freepdk45_sram_1w1r_28x128_32_SS_0p95V_125C.db /home/yl996/proj/mcp-eda-example/libraries/FreePDK45/OpenRAM/db
m freepdk45_sram_1w1r_28x128_32_FF_1p25V_0C_lib freepdk45_sram_1w1r_28x128_32_FF_1p25V_0C.db /home/yl996/proj/mcp-eda-example/libraries/FreePDK45/OpenRAM/db
M freepdk45_sram_1w1r_31x128_SS_0p95V_125C_lib freepdk45_sram_1w1r_31x128_SS_0p95V_125C.db /home/yl996/proj/mcp-eda-example/libraries/FreePDK45/OpenRAM/db
m freepdk45_sram_1w1r_31x128_FF_1p25V_0C_lib freepdk45_sram_1w1r_31x128_FF_1p25V_0C.db /home/yl996/proj/mcp-eda-example/libraries/FreePDK45/OpenRAM/db
M freepdk45_sram_1w1r_32x120_SS_0p95V_125C_lib freepdk45_sram_1w1r_32x120_SS_0p95V_125C.db /home/yl996/proj/mcp-eda-example/libraries/FreePDK45/OpenRAM/db
m freepdk45_sram_1w1r_32x120_FF_1p25V_0C_lib freepdk45_sram_1w1r_32x120_FF_1p25V_0C.db /home/yl996/proj/mcp-eda-example/libraries/FreePDK45/OpenRAM/db
M freepdk45_sram_1w1r_32x128_32_SS_0p95V_125C_lib freepdk45_sram_1w1r_32x128_32_SS_0p95V_125C.db /home/yl996/proj/mcp-eda-example/libraries/FreePDK45/OpenRAM/db
m freepdk45_sram_1w1r_32x128_32_FF_1p25V_0C_lib freepdk45_sram_1w1r_32x128_32_FF_1p25V_0C.db /home/yl996/proj/mcp-eda-example/libraries/FreePDK45/OpenRAM/db
M freepdk45_sram_1w1r_32x240_SS_0p95V_125C_lib freepdk45_sram_1w1r_32x240_SS_0p95V_125C.db /home/yl996/proj/mcp-eda-example/libraries/FreePDK45/OpenRAM/db
m freepdk45_sram_1w1r_32x240_FF_1p25V_0C_lib freepdk45_sram_1w1r_32x240_FF_1p25V_0C.db /home/yl996/proj/mcp-eda-example/libraries/FreePDK45/OpenRAM/db
M freepdk45_sram_1w1r_32x32_SS_0p95V_125C_lib freepdk45_sram_1w1r_32x32_SS_0p95V_125C.db /home/yl996/proj/mcp-eda-example/libraries/FreePDK45/OpenRAM/db
m freepdk45_sram_1w1r_32x32_FF_1p25V_0C_lib freepdk45_sram_1w1r_32x32_FF_1p25V_0C.db /home/yl996/proj/mcp-eda-example/libraries/FreePDK45/OpenRAM/db
M freepdk45_sram_1w1r_32x32_32_SS_0p95V_125C_lib freepdk45_sram_1w1r_32x32_32_SS_0p95V_125C.db /home/yl996/proj/mcp-eda-example/libraries/FreePDK45/OpenRAM/db
m freepdk45_sram_1w1r_32x32_32_FF_1p25V_0C_lib freepdk45_sram_1w1r_32x32_32_FF_1p25V_0C.db /home/yl996/proj/mcp-eda-example/libraries/FreePDK45/OpenRAM/db
M freepdk45_sram_1w1r_32x64_32_SS_0p95V_125C_lib freepdk45_sram_1w1r_32x64_32_SS_0p95V_125C.db /home/yl996/proj/mcp-eda-example/libraries/FreePDK45/OpenRAM/db
m freepdk45_sram_1w1r_32x64_32_FF_1p25V_0C_lib freepdk45_sram_1w1r_32x64_32_FF_1p25V_0C.db /home/yl996/proj/mcp-eda-example/libraries/FreePDK45/OpenRAM/db
M freepdk45_sram_1w1r_32x72_SS_0p95V_125C_lib freepdk45_sram_1w1r_32x72_SS_0p95V_125C.db /home/yl996/proj/mcp-eda-example/libraries/FreePDK45/OpenRAM/db
m freepdk45_sram_1w1r_32x72_FF_1p25V_0C_lib freepdk45_sram_1w1r_32x72_FF_1p25V_0C.db /home/yl996/proj/mcp-eda-example/libraries/FreePDK45/OpenRAM/db
M freepdk45_sram_1w1r_32x96_32_SS_0p95V_125C_lib freepdk45_sram_1w1r_32x96_32_SS_0p95V_125C.db /home/yl996/proj/mcp-eda-example/libraries/FreePDK45/OpenRAM/db
m freepdk45_sram_1w1r_32x96_32_FF_1p25V_0C_lib freepdk45_sram_1w1r_32x96_32_FF_1p25V_0C.db /home/yl996/proj/mcp-eda-example/libraries/FreePDK45/OpenRAM/db
M freepdk45_sram_1w1r_34x128_32_SS_0p95V_125C_lib freepdk45_sram_1w1r_34x128_32_SS_0p95V_125C.db /home/yl996/proj/mcp-eda-example/libraries/FreePDK45/OpenRAM/db
m freepdk45_sram_1w1r_34x128_32_FF_1p25V_0C_lib freepdk45_sram_1w1r_34x128_32_FF_1p25V_0C.db /home/yl996/proj/mcp-eda-example/libraries/FreePDK45/OpenRAM/db
M freepdk45_sram_1w1r_38x96_32_SS_0p95V_125C_lib freepdk45_sram_1w1r_38x96_32_SS_0p95V_125C.db /home/yl996/proj/mcp-eda-example/libraries/FreePDK45/OpenRAM/db
m freepdk45_sram_1w1r_38x96_32_FF_1p25V_0C_lib freepdk45_sram_1w1r_38x96_32_FF_1p25V_0C.db /home/yl996/proj/mcp-eda-example/libraries/FreePDK45/OpenRAM/db
M freepdk45_sram_1w1r_40x128_SS_0p95V_125C_lib freepdk45_sram_1w1r_40x128_SS_0p95V_125C.db /home/yl996/proj/mcp-eda-example/libraries/FreePDK45/OpenRAM/db
m freepdk45_sram_1w1r_40x128_FF_1p25V_0C_lib freepdk45_sram_1w1r_40x128_FF_1p25V_0C.db /home/yl996/proj/mcp-eda-example/libraries/FreePDK45/OpenRAM/db
M freepdk45_sram_1w1r_40x240_SS_0p95V_125C_lib freepdk45_sram_1w1r_40x240_SS_0p95V_125C.db /home/yl996/proj/mcp-eda-example/libraries/FreePDK45/OpenRAM/db
m freepdk45_sram_1w1r_40x240_FF_1p25V_0C_lib freepdk45_sram_1w1r_40x240_FF_1p25V_0C.db /home/yl996/proj/mcp-eda-example/libraries/FreePDK45/OpenRAM/db
M freepdk45_sram_1w1r_40x64_32_SS_0p95V_125C_lib freepdk45_sram_1w1r_40x64_32_SS_0p95V_125C.db /home/yl996/proj/mcp-eda-example/libraries/FreePDK45/OpenRAM/db
m freepdk45_sram_1w1r_40x64_32_FF_1p25V_0C_lib freepdk45_sram_1w1r_40x64_32_FF_1p25V_0C.db /home/yl996/proj/mcp-eda-example/libraries/FreePDK45/OpenRAM/db
M freepdk45_sram_1w1r_40x72_SS_0p95V_125C_lib freepdk45_sram_1w1r_40x72_SS_0p95V_125C.db /home/yl996/proj/mcp-eda-example/libraries/FreePDK45/OpenRAM/db
m freepdk45_sram_1w1r_40x72_FF_1p25V_0C_lib freepdk45_sram_1w1r_40x72_FF_1p25V_0C.db /home/yl996/proj/mcp-eda-example/libraries/FreePDK45/OpenRAM/db
M freepdk45_sram_1w1r_48x32_32_SS_0p95V_125C_lib freepdk45_sram_1w1r_48x32_32_SS_0p95V_125C.db /home/yl996/proj/mcp-eda-example/libraries/FreePDK45/OpenRAM/db
m freepdk45_sram_1w1r_48x32_32_FF_1p25V_0C_lib freepdk45_sram_1w1r_48x32_32_FF_1p25V_0C.db /home/yl996/proj/mcp-eda-example/libraries/FreePDK45/OpenRAM/db
M freepdk45_sram_1w1r_512x64_64_SS_0p95V_125C_lib freepdk45_sram_1w1r_512x64_64_SS_0p95V_125C.db /home/yl996/proj/mcp-eda-example/libraries/FreePDK45/OpenRAM/db
m freepdk45_sram_1w1r_512x64_64_FF_1p25V_0C_lib freepdk45_sram_1w1r_512x64_64_FF_1p25V_0C.db /home/yl996/proj/mcp-eda-example/libraries/FreePDK45/OpenRAM/db
M freepdk45_sram_1w1r_64x32_32_SS_0p95V_125C_lib freepdk45_sram_1w1r_64x32_32_SS_0p95V_125C.db /home/yl996/proj/mcp-eda-example/libraries/FreePDK45/OpenRAM/db
m freepdk45_sram_1w1r_64x32_32_FF_1p25V_0C_lib freepdk45_sram_1w1r_64x32_32_FF_1p25V_0C.db /home/yl996/proj/mcp-eda-example/libraries/FreePDK45/OpenRAM/db
M freepdk45_sram_1w1r_64x512_SS_0p95V_125C_lib freepdk45_sram_1w1r_64x512_SS_0p95V_125C.db /home/yl996/proj/mcp-eda-example/libraries/FreePDK45/OpenRAM/db
m freepdk45_sram_1w1r_64x512_FF_1p25V_0C_lib freepdk45_sram_1w1r_64x512_FF_1p25V_0C.db /home/yl996/proj/mcp-eda-example/libraries/FreePDK45/OpenRAM/db
M freepdk45_sram_1w1r_96x32_32_SS_0p95V_125C_lib freepdk45_sram_1w1r_96x32_32_SS_0p95V_125C.db /home/yl996/proj/mcp-eda-example/libraries/FreePDK45/OpenRAM/db
m freepdk45_sram_1w1r_96x32_32_FF_1p25V_0C_lib freepdk45_sram_1w1r_96x32_32_FF_1p25V_0C.db /home/yl996/proj/mcp-eda-example/libraries/FreePDK45/OpenRAM/db
  gtech		gtech.db		/opt/synopsys/syn/V-2023.12-SP2/libraries/syn
  standard.sldb	standard.sldb		/opt/synopsys/syn/V-2023.12-SP2/libraries/syn
1
