Information: Propagating switching activity (low effort zero delay simulation). (PWR-6)
Warning: Design has unannotated primary inputs. (PWR-414)
Warning: Design has unannotated sequential cell outputs. (PWR-415)
Warning: Design has unannotated black box outputs. (PWR-428)
 
****************************************
Report : power
        -analysis_effort low
Design : des3
Version: V-2023.12-SP2
Date   : Tue Jun 17 00:34:42 2025
****************************************


Library(s) Used:

    slow (File: /home/yl996/proj/mcp-eda-example/libraries/FreePDK45/NangateOpenCellLibrary_PDKv1_3_v2010_12/db/slow.db)


Operating Conditions: slow   Library: slow
Wire Load Model Mode: top

Design        Wire Load Model            Library
------------------------------------------------
des3                   5K_hvratio_1_1    slow


Global Operating Voltage = 0.95 
Power-specific unit information :
    Voltage Units = 1V
    Capacitance Units = 1.000000ff
    Time Units = 1ns
    Dynamic Power Units = 1uW    (derived from V,C,T units)
    Leakage Power Units = 1nW


Attributes
----------
i - Including register clock pin internal power


  Cell Internal Power  = 945.8152 uW   (68%)
  Net Switching Power  = 439.4107 uW   (32%)
                         ---------
Total Dynamic Power    =   1.3852 mW  (100%)

Cell Leakage Power     =  43.6590 uW


                 Internal         Switching           Leakage            Total
Power Group      Power            Power               Power              Power   (   %    )  Attrs
--------------------------------------------------------------------------------------------------
io_pad             0.0000            0.0000            0.0000            0.0000  (   0.00%)
memory             0.0000            0.0000            0.0000            0.0000  (   0.00%)
black_box          0.0000            0.0000            0.0000            0.0000  (   0.00%)
clock_network    349.9164            0.0000            0.0000          349.9164  (  24.49%)  i
register         186.5143           18.1901        1.0334e+04          215.0384  (  15.05%)
sequential         0.0000            0.0000            0.0000            0.0000  (   0.00%)
combinational    409.3842          421.2217        3.3325e+04          863.9276  (  60.46%)
--------------------------------------------------------------------------------------------------
Total            945.8149 uW       439.4118 uW     4.3659e+04 nW     1.4289e+03 uW
1
