Warning: Design 'des3' has '1' unresolved references. For more detailed information, use the "link" command. (UID-341)
 
****************************************
Report : reference
Design : des3
Version: V-2023.12-SP2
Date   : Tue Jun 17 00:34:42 2025
****************************************

Attributes:
    b - black box (unknown)
   bo - allows boundary optimization
    d - dont_touch
   mo - map_only
    h - hierarchical
    n - noncombinational
    r - removable
    s - synthetic operator
    u - contains unmapped logic

Reference          Library       Unit Area   Count    Total Area   Attributes
-----------------------------------------------------------------------------
AOI21_X1           slow           1.064000      32     34.048000  
CLKBUF_X1          slow           0.798000     138    110.123997  
DFF_X2             slow           5.054000     128    646.911987  n
INV_X1             slow           0.532000      33     17.556000  
NAND2_X1           slow           0.798000      97     77.405998  
NAND3_X2           slow           1.862000       1      1.862000  
NOR2_X1            slow           0.798000      32     25.535999  
NOR3_X1            slow           1.064000       1      1.064000  
NOR4_X1            slow           1.330000       1      1.330000  
OAI211_X1          slow           1.330000      64     85.120003  
OR2_X1             slow           1.064000       1      1.064000  
OR3_X2             slow           1.596000       1      1.596000  
XOR2_X1            slow           1.596000      32     51.071999  
crp                               0.000000       1      0.000000  b
des3_key_sel3_0                1999.787983       1   1999.787983  h
-----------------------------------------------------------------------------
Total 15 references                                  3054.477966
1
